// Vitest Snapshot v1

exports[`version Test > page mounts 1`] = `
<body>
  <div>
    <h3
      class="svelte-li19xm"
    >
      the -version test
    </h3>
     
    <div>
      <form
        method="post"
        role="form"
      >
        <label
          for="question0"
        >
          <h3
            class="svelte-li19xm"
          >
            Do you like parties?
          </h3>
           
          <select
            id="question0"
            name="question0"
          >
            <option
              value="0"
            >
              No
            </option>
            <option
              value="1"
            >
              Yes
            </option>
          </select>
        </label>
        <label
          for="question1"
        >
          <h3
            class="svelte-li19xm"
          >
            Do you like singing with friends?
          </h3>
           
          <select
            id="question1"
            name="question1"
          >
            <option
              value="0"
            >
              No
            </option>
            <option
              value="1"
            >
              Yes
            </option>
          </select>
        </label>
        <label
          for="question2"
        >
          <h3
            class="svelte-li19xm"
          >
            Do you like dancing in public?
          </h3>
           
          <select
            id="question2"
            name="question2"
          >
            <option
              value="0"
            >
              No
            </option>
            <option
              value="1"
            >
              Yes
            </option>
          </select>
        </label>
        <label
          for="question3"
        >
          <h3
            class="svelte-li19xm"
          >
            Do you like talking with groups of friends?
          </h3>
           
          <select
            id="question3"
            name="question3"
          >
            <option
              value="0"
            >
              No
            </option>
            <option
              value="1"
            >
              Yes
            </option>
          </select>
        </label>
        <label
          for="question4"
        >
          <h3
            class="svelte-li19xm"
          >
            Do you prefer multiplayer games?
          </h3>
           
          <select
            id="question4"
            name="question4"
          >
            <option
              value="0"
            >
              No
            </option>
            <option
              value="1"
            >
              Yes
            </option>
          </select>
        </label>
         
        <div
          class="button-case svelte-li19xm"
        >
          <button
            class="button"
            name="test-submit"
            type="submit"
          >
            Submit Answers
          </button>
        </div>
      </form>
    </div>
    
  </div>
</body>
`;
