// Vitest Snapshot v1

exports[`version Test > page mounts 1`] = `
<body>
  <div>
    <h3
      class="svelte-li19xm"
    >
      the -version test
    </h3>
     
    <div>
      <form
        method="post"
        role="form"
      >
        <label
          for="question0"
        >
          <h3
            class="svelte-li19xm"
          >
            I like parties.
          </h3>
           
          <div
            class="row"
          >
            <span>
              Not at all
            </span>
             
            <input
              id="question0"
              max="4"
              min="0"
              name="question0"
              type="range"
            />
             
            <span>
              Totally
            </span>
          </div>
        </label>
         
        <input
          name="max"
          type="hidden"
          value="4"
        />
        <label
          for="question1"
        >
          <h3
            class="svelte-li19xm"
          >
            I like singing with friends.
          </h3>
           
          <div
            class="row"
          >
            <span>
              Not at all
            </span>
             
            <input
              id="question1"
              max="4"
              min="0"
              name="question1"
              type="range"
            />
             
            <span>
              Totally
            </span>
          </div>
        </label>
         
        <input
          name="max"
          type="hidden"
          value="4"
        />
        <label
          for="question2"
        >
          <h3
            class="svelte-li19xm"
          >
            I like dancing in public.
          </h3>
           
          <div
            class="row"
          >
            <span>
              Not at all
            </span>
             
            <input
              id="question2"
              max="4"
              min="0"
              name="question2"
              type="range"
            />
             
            <span>
              Totally
            </span>
          </div>
        </label>
         
        <input
          name="max"
          type="hidden"
          value="4"
        />
        <label
          for="question3"
        >
          <h3
            class="svelte-li19xm"
          >
            I like talking with groups of friends.
          </h3>
           
          <div
            class="row"
          >
            <span>
              Not at all
            </span>
             
            <input
              id="question3"
              max="4"
              min="0"
              name="question3"
              type="range"
            />
             
            <span>
              Totally
            </span>
          </div>
        </label>
         
        <input
          name="max"
          type="hidden"
          value="4"
        />
        <label
          for="question4"
        >
          <h3
            class="svelte-li19xm"
          >
            I prefer multiplayer games.
          </h3>
           
          <div
            class="row"
          >
            <span>
              Not at all
            </span>
             
            <input
              id="question4"
              max="4"
              min="0"
              name="question4"
              type="range"
            />
             
            <span>
              Totally
            </span>
          </div>
        </label>
         
        <input
          name="max"
          type="hidden"
          value="4"
        />
         
        <div
          class="button-case svelte-li19xm"
        >
          <button
            class="button"
            name="test-submit"
            type="submit"
          >
            Submit Answers
          </button>
        </div>
      </form>
    </div>
    
  </div>
</body>
`;
